
Allocating common symbols
Common symbol       size              file

SaveRState          0x2               build/usb_int.o
HSEStartUpStatus    0x1               build/usb_hw_config.o
_trace_log          0xc0              build/system.o
SaveState           0x2               build/usb_init.o
ProtocolValue       0x4               build/usb_prop.o
stacked_r1          0x4               build/arch.o
wIstr               0x2               build/usb_istr.o
pProperty           0x4               build/usb_init.o
cli_state           0x8               build/cli.o
EPindex             0x1               build/usb_init.o
stacked_r3          0x4               build/arch.o
SaveTState          0x2               build/usb_int.o
stacked_lr          0x4               build/arch.o
Device_Info         0x1c              build/usb_init.o
pUser_Standard_Requests
                    0x4               build/usb_init.o
USB_Rx_Buffer       0x40              build/usb_endp.o
stacked_pc          0x4               build/arch.o
stacked_r0          0x4               build/arch.o
tx_rb               0xc               build/usb_hw_config.o
stacked_r12         0x4               build/arch.o
StatusInfo          0x2               build/usb_core.o
pInformation        0x4               build/usb_init.o
ResumeS             0x2               build/usb_pwr.o
stacked_psr         0x4               build/arch.o
rx_buf              0x200             build/usb_hw_config.o
stacked_r2          0x4               build/arch.o
tx_buf              0x400             build/usb_hw_config.o
__uart_vec          0x418             build/uart_driver_f1f4.o
stack_pointer       0x4               build/arch.o
EP                  0x20              build/usb_pwr.o
rx_rb               0xc               build/usb_hw_config.o
wInterrupt_Mask     0x2               build/usb_init.o

Discarded input sections

 .text          0x0000000000000000        0x0 build/memcpy.o
 .data          0x0000000000000000        0x0 build/memcpy.o
 .bss           0x0000000000000000        0x0 build/memcpy.o
 .text          0x0000000000000000        0x0 build/memset.o
 .data          0x0000000000000000        0x0 build/memset.o
 .bss           0x0000000000000000        0x0 build/memset.o
 .text          0x0000000000000000        0x0 build/variadic.o
 .data          0x0000000000000000        0x0 build/variadic.o
 .bss           0x0000000000000000        0x0 build/variadic.o
 .text          0x0000000000000000       0x28 build/linker_symaccess.o
 .data          0x0000000000000000        0x0 build/linker_symaccess.o
 .bss           0x0000000000000000        0x0 build/linker_symaccess.o
 .text          0x0000000000000000        0x0 build/stm32f10x_it_h.o
 .data          0x0000000000000000        0x0 build/stm32f10x_it_h.o
 .bss           0x0000000000000000        0x0 build/stm32f10x_it_h.o
 .text          0x0000000000000000       0x14 build/startup_stm32f10x_md.o
 .data          0x0000000000000000        0x0 build/startup_stm32f10x_md.o
 .bss           0x0000000000000000        0x0 build/startup_stm32f10x_md.o
 .data          0x0000000000000000        0x0 build/arch.o
 .data          0x0000000000000000        0x0 build/proc_family.o
 .bss           0x0000000000000000        0x0 build/proc_family.o
 .text          0x0000000000000000        0x0 build/proc_specific.o
 .data          0x0000000000000000        0x0 build/proc_specific.o
 .bss           0x0000000000000000        0x0 build/proc_specific.o
 .data          0x0000000000000000        0x0 build/io.o
 .data          0x0000000000000000        0x0 build/miniutils.o
 .data          0x0000000000000000        0x0 build/taskq.o
 .data          0x0000000000000000        0x0 build/ringbuf.o
 .bss           0x0000000000000000        0x0 build/ringbuf.o
 .data          0x0000000000000000        0x0 build/gpio_proc.o
 .data          0x0000000000000000        0x0 build/uart_driver_f1f4.o
 .bss           0x0000000000000000        0x0 build/uart_driver_f1f4.o
 .data          0x0000000000000000        0x0 build/shared_mem.o
 .bss           0x0000000000000000        0x0 build/shared_mem.o
 .data          0x0000000000000000        0x0 build/niffs_api.o
 .bss           0x0000000000000000        0x0 build/niffs_api.o
 .data          0x0000000000000000        0x0 build/niffs_internal.o
 .bss           0x0000000000000000        0x0 build/niffs_internal.o
 .data          0x0000000000000000        0x0 build/main.o
 .bss           0x0000000000000000        0x0 build/main.o
 .data          0x0000000000000000        0x0 build/processor.o
 .bss           0x0000000000000000        0x0 build/processor.o
 .data          0x0000000000000000        0x0 build/timer.o
 .bss           0x0000000000000000        0x0 build/timer.o
 .data          0x0000000000000000        0x0 build/app.o
 .data          0x0000000000000000        0x0 build/gpio_map.o
 .bss           0x0000000000000000        0x0 build/gpio_map.o
 .data          0x0000000000000000        0x0 build/niffs_impl.o
[...]
Memory Configuration

Name             Origin             Length             Attributes
FLASH            0x0000000008000000 0x0000000000018000 xr
RAM              0x0000000020000000 0x0000000000005000 xrw
*default*        0x0000000000000000 0xffffffffffffffff

Linker script and memory map

                0x000000000133edb8                __BUILD_DATE = 0x133edb8
                0x00000000000010eb                __BUILD_NUMBER = 0x10eb
                0x0000000008000000                FLASH_START = ORIGIN (FLASH)
                0x0000000000018000                FLASH_SIZE = 0x18000
                0x0000000020000000                RAM_START = ORIGIN (RAM)
                0x0000000000005000                RAM_SIZE = 0x5000
                0x0000000000000080                _Shared_Memory_Size = 0x80
                0x0000000000002000                _Min_Stack_Size = 0x2000
                0x0000000020004f80                _estack = ((RAM_START + RAM_SIZE) - _Shared_Memory_Size)

.isr_vector     0x0000000008000000        0x0
                0x0000000008000000                . = ALIGN (0x4)
                0x0000000008000000                . = ALIGN (0x4)

.text           0x0000000008000000    0x133fc
                0x0000000008000000                ___SVECTOR = .
 *(.isr_vector)
 .isr_vector    0x0000000008000000      0x10c build/startup_stm32f10x_md.o
                0x0000000008000000                g_pfnVectors
                0x0000000000000001                ASSERT ((. != ___SVECTOR), No isr_vector input-section!)
                0x000000000800010c                . = ALIGN (0x4)
 *(.text)
 .text          0x000000000800010c      0x39c build/arch.o
                0x000000000800010c                enter_critical
                0x0000000008000124                exit_critical
                0x000000000800014c                within_critical
                0x000000000800015c                arch_reset
                0x0000000008000178                arch_break_if_dbg
                0x0000000008000188                arch_sleep
                0x000000000800018c                irq_disable
                0x0000000008000190                irq_enable
                0x0000000008000194                HardFault_Handler
                0x00000000080001a6                APP_shutdown
                0x00000000080001a8                hard_fault_handler_c
 .text          0x00000000080004a8       0x84 build/proc_family.o
                0x00000000080004a8                arch_busywait_us
 .text          0x000000000800052c      0x328 build/system.o
                0x000000000800052c                SYS_timer
                0x00000000080005a4                SYS_init
                0x00000000080005cc                SYS_get_time_ms
                0x00000000080005d8                SYS_get_time
                0x000000000800060c                SYS_set_time
                0x0000000008000638                SYS_get_tick
                0x0000000008000644                SYS_set_assert_callback
                0x0000000008000650                SYS_set_assert_behaviour
                0x000000000800065c                SYS_break_if_dbg
                0x0000000008000660                SYS_hardsleep_ms
                0x0000000008000674                SYS_hardsleep_us
                0x0000000008000678                SYS_dbg_mask_set
                0x0000000008000684                SYS_dbg_mask_enable
                0x0000000008000694                SYS_dbg_mask_disable
                0x00000000080006a4                SYS_dbg_level
                0x00000000080006b0                SYS_dbg_get_level
                0x00000000080006bc                SYS_dbg_get_mask
                0x00000000080006c8                SYS_build_number
                0x00000000080006d0                SYS_build_date
                0x00000000080006d8                SYS_reboot
                0x00000000080006e4                __trace_start
                0x00000000080006f4                __trace_stop
                0x0000000008000704                __trace_set
                0x0000000008000714                SYS_dump_trace
                0x00000000080007e0                SYS_assert
 .text          0x0000000008000854      0x45c build/io.o
                0x00000000080008a4                IO_assure_tx
                0x00000000080008e0                IO_blocking_tx
                0x000000000800091c                IO_set_callback
                0x000000000800097c                IO_get_callback
                0x0000000008000990                IO_get_char
                0x00000000080009fc                IO_get_buf
                0x0000000008000a6c                IO_put_char
                0x0000000008000acc                IO_tx_force_char
                0x0000000008000b24                IO_tx_drain
                0x0000000008000b5c                IO_tx_flush
                0x0000000008000b88                IO_put_buf
                0x0000000008000c00                IO_rx_available
                0x0000000008000c50                IO_tx_available
                0x0000000008000c9c                IO_define
 .text          0x0000000008000cb0      0xc78 build/miniutils.o
                0x0000000008000daa                itoa
                0x0000000008000dce                itoan
                0x0000000008000dee                atoin
                0x0000000008000e5c                strlen
                0x0000000008000e6c                v_printf
                0x00000000080011c4                ioprint
                0x00000000080011de                printbuf
                0x000000000800126c                vprint
                0x0000000008001278                vioprint
                0x000000000800127c                sprint
                0x0000000008001296                vsprint
                0x000000000800129a                atoi
                0x00000000080012b0                strnlen
                0x00000000080012ce                strcmp
                0x00000000080012ec                strcmpbegin
                0x0000000008001310                strncmp
                0x000000000800132c                strncpy
                0x0000000008001358                strcpy
                0x0000000008001366                strchr
                0x000000000800137a                strpbrk
                0x000000000800139c                strnpbrk
                0x00000000080013c4                strstr
                0x00000000080013f4                strncontainex
                0x0000000008001790                crc_ccitt_16
                0x00000000080017aa                rand
                0x00000000080017c2                rand_next
                0x00000000080017d4                rand_seed
                0x00000000080017e0                quicksort
                0x00000000080018c6                quicksort_cmp
                0x00000000080018f4                strarg_next
                0x00000000080018fc                strarg_next_delim
                0x0000000008001902                strarg_next_str
                0x000000000800190a                strarg_next_delim_str
                0x0000000008001910                strarg_init
 .text          0x0000000008001928      0xc38 build/taskq.o
                0x0000000008001a6c                TASK_dump_pool
                0x0000000008001ab4                TASK_dump
                0x0000000008001c40                TASK_init
                0x0000000008001ca4                TASK_create
                0x0000000008001d5c                TASK_run
                0x0000000008001e3c                TASK_loop
                0x0000000008001e4e                TASK_start_timer
                0x0000000008001ec4                TASK_set_timer_recurrence
                0x0000000008001ec8                TASK_stop_timer
                0x0000000008001f08                TASK_stop
                0x0000000008001f20                TASK_id
                0x0000000008001f2c                TASK_is_running
                0x0000000008001f34                TASK_wait
                0x0000000008001f48                TASK_free
                0x0000000008001fe8                TASK_got_active_tasks
                0x0000000008002000                TASK_tick
                0x00000000080021bc                TASK_mutex_lock
                0x000000000800230c                TASK_mutex_try_lock
                0x00000000080023ac                TASK_mutex_unlock
                0x00000000080024a0                TASK_next_wakeup_ms
                0x00000000080024c4                TASK_timer
 .text          0x0000000008002560      0x2a4 build/ringbuf.o
                0x0000000008002560                ringbuf_init
                0x000000000800256c                ringbuf_getc
                0x000000000800259c                ringbuf_putc
                0x00000000080025d4                ringbuf_available
                0x00000000080025ee                ringbuf_clear
                0x000000000800260c                ringbuf_available_linear
                0x000000000800263e                ringbuf_free
                0x0000000008002658                ringbuf_put
                0x0000000008002744                ringbuf_get
 .text          0x0000000008002804      0x5d8 build/gpio_proc.o
                0x00000000080028e8                gpio_get_hw_port
                0x00000000080028f8                gpio_get_hw_pin
                0x0000000008002908                gpio_config
                0x0000000008002938                gpio_config_out
                0x000000000800295e                gpio_config_in
                0x000000000800297e                gpio_config_analog
                0x000000000800299c                gpio_config_release
                0x00000000080029c8                gpio_enable
                0x00000000080029e4                gpio_disable
                0x0000000008002a00                gpio_set
                0x0000000008002a28                gpio_get
                0x0000000008002a4c                gpio_interrupt_config
                0x0000000008002aa8                gpio_interrupt_deconfig
                0x0000000008002b00                gpio_interrupt_mask_disable
                0x0000000008002b28                gpio_interrupt_mask_enable
                0x0000000008002b60                gpio_init
                0x0000000008002b70                EXTI0_IRQHandler
                0x0000000008002bcc                EXTI1_IRQHandler
                0x0000000008002c28                EXTI2_IRQHandler
                0x0000000008002c84                EXTI3_IRQHandler
                0x0000000008002ce0                EXTI4_IRQHandler
                0x0000000008002d3c                EXTI9_5_IRQHandler
                0x0000000008002db0                EXTI15_10_IRQHandler
 .text          0x0000000008002ddc      0x568 build/uart_driver_f1f4.o
                0x0000000008002ddc                UART_irq
                0x0000000008002e90                UART_rx_available
                0x0000000008002ece                UART_tx_available
                0x0000000008002f10                UART_tx_drain
                0x0000000008002f1c                UART_get_char
                0x0000000008002f76                UART_get_buf
                0x0000000008003014                UART_tx_force_char
                0x0000000008003020                UART_tx_flush
                0x000000000800306e                UART_put_char
                0x00000000080030e4                UART_put_buf
                0x00000000080031ba                UART_set_callback
                0x00000000080031c4                UART_get_callback
                0x00000000080031d2                UART_assure_tx
                0x00000000080031de                UART_sync_tx
                0x00000000080031ea                UART_config
                0x0000000008003300                UART_init
 .text          0x0000000008003344       0x80 build/shared_mem.o
                0x0000000008003344                SHMEM_validate
                0x000000000800339c                SHMEM_get
                0x00000000080033a4                SHMEM_set_reboot_reason
 .text          0x00000000080033c4      0x4d4 build/niffs_api.o
                0x0000000008003416                NIFFS_info
                0x0000000008003464                NIFFS_creat
                0x000000000800347c                NIFFS_open
                0x0000000008003568                NIFFS_read_ptr
                0x0000000008003580                NIFFS_read
                0x0000000008003600                NIFFS_lseek
                0x0000000008003630                NIFFS_remove
                0x000000000800366c                NIFFS_fremove
                0x0000000008003680                NIFFS_write
                0x0000000008003724                NIFFS_fflush
                0x0000000008003738                NIFFS_fstat
                0x000000000800379c                NIFFS_stat
                0x00000000080037d8                NIFFS_ftell
                0x00000000080037fc                NIFFS_close
                0x0000000008003810                NIFFS_rename
                0x0000000008003824                NIFFS_opendir
                0x0000000008003838                NIFFS_closedir
                0x0000000008003850                NIFFS_readdir
                0x0000000008003884                NIFFS_chk
 .text          0x0000000008003898     0x40a8 build/niffs_internal.o
                0x0000000008004970                niffs_traverse
                0x0000000008004dd4                niffs_get_filedesc
                0x0000000008004e58                niffs_open
                0x0000000008005004                niffs_close
                0x000000000800506c                niffs_read_ptr
                0x0000000008005324                niffs_seek
                0x000000000800547c                niffs_gc
                0x00000000080059ac                niffs_create
                0x0000000008005c58                niffs_append
                0x00000000080064d4                niffs_modify
                0x000000000800694c                niffs_truncate
                0x0000000008006cf4                niffs_rename
                0x0000000008006f40                niffs_chk
                0x0000000008007314                NIFFS_init
                0x0000000008007518                NIFFS_format
                0x00000000080075ec                NIFFS_mount
                0x000000000800766c                NIFFS_unmount
                0x00000000080076d8                NIFFS_dump
 .text          0x0000000008007940        0xa build/main.o
                0x0000000008007946                assert_failed
 *fill*         0x000000000800794a        0x2 
 .text          0x000000000800794c      0x1ac build/processor.o
                0x000000000800794c                PROC_base_init
                0x0000000008007a00                PROC_periph_init
 .text          0x0000000008007af8      0xf58 build/cli.o
                0x00000000080086ac                CLI_uart_check_char
                0x0000000008008760                CLI_parse
                0x00000000080088b4                CLI_TASK_on_uart_input
                0x0000000008008934                CLI_TASK_on_usb_input
                0x000000000800898c                CLI_timer
                0x000000000800898e                CLI_init
 .text          0x0000000008008a50       0x90 build/timer.o
                0x0000000008008a50                TIMER_irq
 .text          0x0000000008008ae0      0xf60 build/app.o
                0x0000000008008f48                APP_cfg_set_pin
                0x0000000008008fe8                APP_cfg_get_pin
                0x0000000008008ff8                APP_cfg_set_debounce_cycles
                0x0000000008009004                APP_cfg_get_debounce_cycles
                0x0000000008009010                APP_cfg_set_mouse_delta_ms
                0x000000000800901c                APP_cfg_get_mouse_delta_ms
                0x0000000008009028                APP_cfg_set_acc_pos_speed
                0x0000000008009034                APP_cfg_get_acc_pos_speed
                0x0000000008009040                APP_cfg_set_acc_wheel_speed
                0x000000000800904c                APP_cfg_get_acc_wheel_speed
                0x0000000008009058                APP_cfg_set_joystick_delta_ms
                0x0000000008009064                APP_cfg_get_joystick_delta_ms
                0x0000000008009070                APP_cfg_set_joystick_acc_speed
                0x000000000800907c                APP_cfg_get_joystick_acc_speed
                0x0000000008009088                APP_timer
                0x0000000008009184                set_print_output
                0x0000000008009190                get_print_output
                0x000000000800919c                arcprint
                0x00000000080091c0                APP_init
 .text          0x0000000008009a40      0xaf4 build/def_config_parser.o
                0x0000000008009bec                def_config_parse
                0x000000000800a424                def_config_print
 .text          0x000000000800a534       0x10 build/gpio_map.o
                0x000000000800a534                GPIO_MAP_get_pin_map
                0x000000000800a53c                GPIO_MAP_get_led_map
 .text          0x000000000800a544      0x670 build/niffs_impl.o
                0x000000000800a708                FS_mount
                0x000000000800a79c                FS_dump
                0x000000000800a7a8                FS_ls
                0x000000000800a820                FS_save_config
                0x000000000800a924                FS_load_config
                0x000000000800aa60                FS_rm_config
                0x000000000800aa6c                FS_chk
                0x000000000800aa90                FS_format
                0x000000000800aab4                FS_create
                0x000000000800aac4                FS_append
                0x000000000800ab1c                FS_less
                0x000000000800ab88                FS_rename
                0x000000000800ab98                FS_get_fs
                0x000000000800aba0                _flash_get_sector
 .text          0x000000000800abb4      0x824 build/usb_core.o
                0x000000000800abb4                Standard_GetConfiguration
                0x000000000800abd8                Standard_GetInterface
                0x000000000800abfc                Standard_GetStatus
                0x000000000800ad34                Standard_SetConfiguration
                0x000000000800ad6c                Standard_SetInterface
                0x000000000800adb4                Standard_ClearFeature
                0x000000000800ae88                Standard_SetEndPointFeature
                0x000000000800af0c                Standard_SetDeviceFeature
                0x000000000800af30                Standard_GetDescriptorData
                0x000000000800af4c                Post0_Process
                0x000000000800af8c                Setup0_Process
                0x000000000800b268                Out0_Process
                0x000000000800b338                SetDeviceAddress
                0x000000000800b378                In0_Process
                0x000000000800b3d4                NOP_Process
 .text          0x000000000800b3d8      0x128 build/usb_endp.o
                0x000000000800b3d8                EP1_IN_Callback
                0x000000000800b3f4                EP2_IN_Callback
                0x000000000800b410                EP3_IN_Callback
                0x000000000800b42c                EP4_IN_Callback
                0x000000000800b448                EP7_IN_Callback
                0x000000000800b49c                EP6_OUT_Callback
                0x000000000800b4d8                SOF_Callback
 .text          0x000000000800b500      0x2d8 build/usb_hw_config.o
                0x000000000800b528                USB_Cable_Config
                0x000000000800b564                USB_ARC_set_kb_callback
                0x000000000800b570                USB_ARC_set_mouse_callback
                0x000000000800b57c                USB_ARC_set_joystick_callback
                0x000000000800b588                USB_ARC_KB_can_tx
                0x000000000800b598                USB_ARC_MOUSE_can_tx
                0x000000000800b5a8                USB_ARC_JOYSTICK_can_tx
                0x000000000800b5bc                USB_ARC_KB_tx
                0x000000000800b604                USB_ARC_MOUSE_tx
                0x000000000800b648                USB_ARC_JOYSTICK_tx
                0x000000000800b6a4                Get_SerialNum
                0x000000000800b6d8                USB_ARC_init
                0x000000000800b708                USB_ARC_start
                0x000000000800b70c                USB_SER_rx_avail
                0x000000000800b71c                USB_SER_rx_char
                0x000000000800b728                USB_SER_rx_buf
                0x000000000800b738                USB_SER_tx_char
                0x000000000800b744                USB_SER_tx_buf
                0x000000000800b754                USB_SER_set_rx_callback
                0x000000000800b760                USB_SER_get_rx_callback
                0x000000000800b770                USB_SER_assure_tx
                0x000000000800b774                USB_SER_tx_drain
                0x000000000800b780                USB_SER_tx_flush
                0x000000000800b782                Handle_USBAsynchXfer
 .text          0x000000000800b7d8       0x38 build/usb_init.o
                0x000000000800b7d8                USB_Init
 .text          0x000000000800b810      0x1e8 build/usb_int.o
                0x000000000800b810                CTR_LP
                0x000000000800b988                CTR_HP
 .text          0x000000000800b9f8      0x174 build/usb_istr.o
                0x000000000800b9f8                USB_Istr
 .text          0x000000000800bb6c       0x54 build/usb_mem.o
                0x000000000800bb6c                UserToPMABufferCopy
                0x000000000800bb9c                PMAToUserBufferCopy
 .text          0x000000000800bbc0      0x3cc build/usb_prop.o
                0x000000000800bbc0                ARC_SetConfiguration
                0x000000000800bbd8                ARC_SetDeviceAddress
                0x000000000800bbe4                ARC_Status_In
                0x000000000800bc08                ARC_Status_Out
                0x000000000800bc0a                ARC_set_configuration
                0x000000000800bc20                ARC_VCP_GetLineCoding
                0x000000000800bc38                ARC_VCP_SetLineCoding
                0x000000000800bc50                ARC_Data_Setup
                0x000000000800bd04                ARC_Get_Interface_Setting
                0x000000000800bd12                ARC_GetProtocolValue
                0x000000000800bd2c                ARC_init
                0x000000000800bd50                ARC_Reset
                0x000000000800bee0                ARC_GetDeviceDescriptor
                0x000000000800beec                ARC_GetConfigDescriptor
                0x000000000800bef8                ARC_GetStringDescriptor
                0x000000000800bf18                ARC_GetKBReportDescriptor
                0x000000000800bf24                ARC_GetMouseReportDescriptor
                0x000000000800bf30                ARC_GetJoystickReportDescriptor
                0x000000000800bf3c                ARC_GetHIDDescriptor
                0x000000000800bf48                ARC_SetProtocol
                0x000000000800bf60                ARC_NoData_Setup
 .text          0x000000000800bf8c      0x1b8 build/usb_pwr.o
                0x000000000800bf8c                PowerOn
                0x000000000800bfbc                PowerOff
                0x000000000800bfe0                Suspend
                0x000000000800c084                Resume_Init
                0x000000000800c09c                Resume
 .text          0x000000000800c144      0x7a4 build/usb_regs.o
                0x000000000800c144                SetCNTR
                0x000000000800c150                GetCNTR
                0x000000000800c15c                SetISTR
                0x000000000800c168                GetISTR
                0x000000000800c174                GetFNR
                0x000000000800c180                SetDADDR
                0x000000000800c18c                GetDADDR
                0x000000000800c198                SetBTABLE
                0x000000000800c1a8                GetBTABLE
                0x000000000800c1b4                SetENDPOINT
                0x000000000800c1c2                GetENDPOINT
                0x000000000800c1d2                SetEPType
                0x000000000800c1ea                GetEPType
                0x000000000800c1fc                SetEPTxStatus
                0x000000000800c22a                SetEPRxStatus
                0x000000000800c258                SetDouBleBuffEPStall
                0x000000000800c27c                GetEPTxStatus
                0x000000000800c28e                GetEPRxStatus
                0x000000000800c2a0                SetEPTxValid
                0x000000000800c2c2                SetEPRxValid
                0x000000000800c2e4                SetEP_KIND
                0x000000000800c302                ClearEP_KIND
                0x000000000800c320                Clear_Status_Out
                0x000000000800c33e                Set_Status_Out
                0x000000000800c35c                SetEPDoubleBuff
                0x000000000800c37a                ClearEPDoubleBuff
                0x000000000800c398                GetTxStallStatus
                0x000000000800c3b6                GetRxStallStatus
                0x000000000800c3d0                ClearEP_CTR_RX
                0x000000000800c3e6                ClearEP_CTR_TX
                0x000000000800c3fc                ToggleDTOG_RX
                0x000000000800c41a                ToggleDTOG_TX
                0x000000000800c438                ClearDTOG_RX
                0x000000000800c45c                ClearDTOG_TX
                0x000000000800c480                SetEPAddress
                0x000000000800c4a0                GetEPAddress
                0x000000000800c4b2                SetEPTxAddr
                0x000000000800c4d4                SetEPRxAddr
                0x000000000800c4f4                GetEPTxAddr
                0x000000000800c510                GetEPRxAddr
                0x000000000800c52c                SetEPTxCount
                0x000000000800c548                SetEPCountRxReg
                0x000000000800c570                SetEPRxCount
                0x000000000800c5b4                GetEPTxCount
                0x000000000800c5d4                GetEPRxCount
                0x000000000800c5f4                SetEPDblBuffAddr
                0x000000000800c62c                SetEPDblBuf0Addr
                0x000000000800c64c                SetEPDblBuf1Addr
                0x000000000800c66c                GetEPDblBuf0Addr
                0x000000000800c688                GetEPDblBuf1Addr
                0x000000000800c6a4                SetEPDblBuffCount
                0x000000000800c750                SetEPDblBuf0Count
                0x000000000800c7b0                SetEPDblBuf1Count
                0x000000000800c810                GetEPDblBuf0Count
                0x000000000800c830                GetEPDblBuf1Count
                0x000000000800c850                GetEPDblBufDir
                0x000000000800c894                FreeUserBuffer
                0x000000000800c8d6                ToWord
                0x000000000800c8dc                ByteSwap
 .text          0x000000000800c8e8       0x6c build/usb_sil.o
                0x000000000800c8e8                USB_SIL_Init
                0x000000000800c908                USB_SIL_Write
                0x000000000800c930                USB_SIL_Read
 .text          0x000000000800c954       0x30 build/usb_arc_codes.o
                0x000000000800c954                USB_ARC_get_keymap
                0x000000000800c964                USB_ARC_get_mousemap
                0x000000000800c974                USB_ARC_get_joystickmap
 .text          0x000000000800c984       0x34 build/stm32f10x_dbgmcu.o
                0x000000000800c984                DBGMCU_GetREVID
                0x000000000800c990                DBGMCU_GetDEVID
                0x000000000800c9a0                DBGMCU_Config
 .text          0x000000000800c9b8       0xf0 build/stm32f10x_exti.o
                0x000000000800c9b8                EXTI_DeInit
                0x000000000800c9d4                EXTI_Init
                0x000000000800ca44                EXTI_StructInit
                0x000000000800ca52                EXTI_GenerateSWInterrupt
                0x000000000800ca60                EXTI_GetFlagStatus
                0x000000000800ca74                EXTI_ClearFlag
                0x000000000800ca80                EXTI_GetITStatus
                0x000000000800ca9c                EXTI_ClearITPendingBit
 .text          0x000000000800caa8      0x280 build/stm32f10x_gpio.o
                0x000000000800caa8                GPIO_DeInit
                0x000000000800cb54                GPIO_AFIODeInit
                0x000000000800cb6a                GPIO_Init
                0x000000000800cc12                GPIO_StructInit
                0x000000000800cc22                GPIO_ReadInputDataBit
                0x000000000800cc2e                GPIO_ReadInputData
                0x000000000800cc34                GPIO_ReadOutputDataBit
                0x000000000800cc40                GPIO_ReadOutputData
                0x000000000800cc46                GPIO_SetBits
                0x000000000800cc4a                GPIO_ResetBits
                0x000000000800cc4e                GPIO_WriteBit
                0x000000000800cc58                GPIO_Write
                0x000000000800cc5c                GPIO_PinLockConfig
                0x000000000800cc6c                GPIO_EventOutputConfig
                0x000000000800cc88                GPIO_EventOutputCmd
                0x000000000800cc94                GPIO_PinRemapConfig
                0x000000000800ccf4                GPIO_EXTILineConfig
                0x000000000800cd1e                GPIO_ETH_MediaInterfaceConfig
 .text          0x000000000800cd28      0x344 build/stm32f10x_rcc.o
                0x000000000800cd28                RCC_DeInit
                0x000000000800cd68                RCC_HSEConfig
                0x000000000800cda0                RCC_AdjustHSICalibrationValue
                0x000000000800cdb4                RCC_HSICmd
                0x000000000800cdc0                RCC_PLLConfig
                0x000000000800cdd4                RCC_PLLCmd
                0x000000000800cde0                RCC_SYSCLKConfig
                0x000000000800cdf4                RCC_GetSYSCLKSource
                0x000000000800ce04                RCC_HCLKConfig
                0x000000000800ce18                RCC_PCLK1Config
                0x000000000800ce2c                RCC_PCLK2Config
                0x000000000800ce40                RCC_ITConfig
                0x000000000800ce58                RCC_USBCLKConfig
                0x000000000800ce64                RCC_ADCCLKConfig
                0x000000000800ce78                RCC_LSEConfig
                0x000000000800ce98                RCC_LSICmd
                0x000000000800cea4                RCC_RTCCLKConfig
                0x000000000800ceb4                RCC_RTCCLKCmd
                0x000000000800cec0                RCC_GetClocksFreq
                0x000000000800cf48                RCC_AHBPeriphClockCmd
                0x000000000800cf60                RCC_APB2PeriphClockCmd
                0x000000000800cf78                RCC_APB1PeriphClockCmd
                0x000000000800cf90                RCC_APB2PeriphResetCmd
                0x000000000800cfa8                RCC_APB1PeriphResetCmd
                0x000000000800cfc0                RCC_BackupResetCmd
                0x000000000800cfcc                RCC_ClockSecuritySystemCmd
                0x000000000800cfd8                RCC_MCOConfig
                0x000000000800cfe4                RCC_GetFlagStatus
                0x000000000800d00c                RCC_WaitForHSEStartUp
                0x000000000800d03c                RCC_ClearFlag
                0x000000000800d04c                RCC_GetITStatus
                0x000000000800d060                RCC_ClearITPendingBit
 .text          0x000000000800d06c      0xc88 build/stm32f10x_tim.o
                0x000000000800d14c                TIM_DeInit
                0x000000000800d2f8                TIM_TimeBaseInit
                0x000000000800d38c                TIM_OC1Init
                0x000000000800d414                TIM_OC2Init
                0x000000000800d49c                TIM_OC3Init
                0x000000000800d520                TIM_OC4Init
                0x000000000800d588                TIM_BDTRConfig
                0x000000000800d5aa                TIM_TimeBaseStructInit
                0x000000000800d5bc                TIM_OCStructInit
                0x000000000800d5d0                TIM_ICStructInit
                0x000000000800d5e0                TIM_BDTRStructInit
                0x000000000800d5f2                TIM_Cmd
                0x000000000800d60a                TIM_CtrlPWMOutputs
                0x000000000800d626                TIM_ITConfig
                0x000000000800d638                TIM_GenerateEvent
                0x000000000800d63c                TIM_DMAConfig
                0x000000000800d644                TIM_DMACmd
                0x000000000800d656                TIM_InternalClockConfig
                0x000000000800d664                TIM_ITRxExternalClockConfig
                0x000000000800d67e                TIM_TIxExternalClockConfig
                0x000000000800d6b2                TIM_ETRConfig
                0x000000000800d6c6                TIM_ETRClockMode1Config
                0x000000000800d6e0                TIM_ETRClockMode2Config
                0x000000000800d6f4                TIM_PrescalerConfig
                0x000000000800d6fa                TIM_CounterModeConfig
                0x000000000800d70a                TIM_SelectInputTrigger
                0x000000000800d71a                TIM_EncoderInterfaceConfig
                0x000000000800d756                TIM_ForcedOC1Config
                0x000000000800d766                TIM_ForcedOC2Config
                0x000000000800d77a                TIM_ForcedOC3Config
                0x000000000800d78a                TIM_ForcedOC4Config
                0x000000000800d79e                TIM_ARRPreloadConfig
                0x000000000800d7b6                TIM_SelectCOM
                0x000000000800d7ce                TIM_SelectCCDMA
                0x000000000800d7e6                TIM_CCPreloadControl
                0x000000000800d7fe                TIM_OC1PreloadConfig
                0x000000000800d80e                TIM_OC2PreloadConfig
                0x000000000800d822                TIM_OC3PreloadConfig
                0x000000000800d832                TIM_OC4PreloadConfig
                0x000000000800d846                TIM_OC1FastConfig
                0x000000000800d856                TIM_OC2FastConfig
                0x000000000800d86a                TIM_OC3FastConfig
                0x000000000800d87a                TIM_OC4FastConfig
                0x000000000800d88e                TIM_ClearOC1Ref
                0x000000000800d89e                TIM_ClearOC2Ref
                0x000000000800d8ae                TIM_ClearOC3Ref
                0x000000000800d8be                TIM_ClearOC4Ref
                0x000000000800d8ce                TIM_OC1PolarityConfig
                0x000000000800d8de                TIM_OC1NPolarityConfig
                0x000000000800d8ee                TIM_OC2PolarityConfig
                0x000000000800d902                TIM_OC2NPolarityConfig
                0x000000000800d916                TIM_OC3PolarityConfig
                0x000000000800d92a                TIM_OC3NPolarityConfig
                0x000000000800d93e                TIM_OC4PolarityConfig
                0x000000000800d952                TIM_CCxCmd
                0x000000000800d96e                TIM_CCxNCmd
                0x000000000800d98a                TIM_SelectOCxM
                0x000000000800d9cc                TIM_UpdateDisableConfig
                0x000000000800d9e4                TIM_UpdateRequestConfig
                0x000000000800d9fc                TIM_SelectHallSensor
                0x000000000800da14                TIM_SelectOnePulseMode
                0x000000000800da2a                TIM_SelectOutputTrigger
                0x000000000800da40                TIM_SelectSlaveMode
                0x000000000800da56                TIM_SelectMasterSlaveMode
                0x000000000800da6c                TIM_SetCounter
                0x000000000800da70                TIM_SetAutoreload
                0x000000000800da74                TIM_SetCompare1
                0x000000000800da78                TIM_SetCompare2
                0x000000000800da7c                TIM_SetCompare3
                0x000000000800da80                TIM_SetCompare4
                0x000000000800da86                TIM_SetIC1Prescaler
                0x000000000800da9c                TIM_SetIC2Prescaler
                0x000000000800dab6                TIM_PWMIConfig
                0x000000000800db24                TIM_SetIC3Prescaler
                0x000000000800db3a                TIM_SetIC4Prescaler
                0x000000000800db54                TIM_ICInit
                0x000000000800dc84                TIM_SetClockDivision
                0x000000000800dc9a                TIM_GetCapture1
                0x000000000800dca0                TIM_GetCapture2
                0x000000000800dca6                TIM_GetCapture3
                0x000000000800dcac                TIM_GetCapture4
                0x000000000800dcb4                TIM_GetCounter
                0x000000000800dcba                TIM_GetPrescaler
                0x000000000800dcc0                TIM_GetFlagStatus
                0x000000000800dccc                TIM_ClearFlag
                0x000000000800dcd4                TIM_GetITStatus
                0x000000000800dcea                TIM_ClearITPendingBit
 .text          0x000000000800dcf4      0x39c build/stm32f10x_usart.o
                0x000000000800dcf4                USART_DeInit
                0x000000000800dd8c                USART_Init
                0x000000000800de38                USART_StructInit
                0x000000000800de4e                USART_ClockInit
                0x000000000800de6e                USART_ClockStructInit
                0x000000000800de7a                USART_Cmd
                0x000000000800de92                USART_ITConfig
                0x000000000800dec2                USART_DMACmd
                0x000000000800ded4                USART_SetAddress
                0x000000000800deea                USART_WakeUpConfig
                0x000000000800df00                USART_ReceiverWakeUpCmd
                0x000000000800df18                USART_LINBreakDetectLengthConfig
                0x000000000800df2e                USART_LINCmd
                0x000000000800df46                USART_SendData
                0x000000000800df4e                USART_ReceiveData
                0x000000000800df56                USART_SendBreak
                0x000000000800df62                USART_SetGuardTime
                0x000000000800df74                USART_SetPrescaler
                0x000000000800df86                USART_SmartCardCmd
                0x000000000800df9e                USART_SmartCardNACKCmd
                0x000000000800dfb6                USART_HalfDuplexCmd
                0x000000000800dfce                USART_OverSampling8Cmd
                0x000000000800dfe6                USART_OneBitMethodCmd
                0x000000000800dffe                USART_IrDAConfig
                0x000000000800e014                USART_IrDACmd
                0x000000000800e02c                USART_GetFlagStatus
                0x000000000800e038                USART_ClearFlag
                0x000000000800e040                USART_GetITStatus
                0x000000000800e080                USART_ClearITPendingBit
 .text          0x000000000800e090      0x154 build/system_stm32f10x.o
                0x000000000800e090                SystemInit
                0x000000000800e188                SystemCoreClockUpdate
 .text          0x000000000800e1e4       0x8a build/core_cm3.o
                0x000000000800e1e4                __get_PSP
                0x000000000800e1ec                __set_PSP
                0x000000000800e1f2                __get_MSP
                0x000000000800e1fa                __set_MSP
                0x000000000800e200                __get_BASEPRI
                0x000000000800e206                __set_BASEPRI
                0x000000000800e20c                __get_PRIMASK
                0x000000000800e212                __set_PRIMASK
                0x000000000800e218                __get_FAULTMASK
                0x000000000800e21e                __set_FAULTMASK
                0x000000000800e224                __get_CONTROL
                0x000000000800e22a                __set_CONTROL
                0x000000000800e230                __REV
                0x000000000800e234                __REV16
                0x000000000800e238                __REVSH
                0x000000000800e23c                __RBIT
                0x000000000800e242                __LDREXB
                0x000000000800e24a                __LDREXH
                0x000000000800e252                __LDREXW
                0x000000000800e258                __STREXB
                0x000000000800e260                __STREXH
                0x000000000800e268                __STREXW
 *fill*         0x000000000800e26e        0x2 
 .text          0x000000000800e270       0x78 build/stm32f10x_it.o
                0x000000000800e270                NMI_Handler
                0x000000000800e272                MemManage_Handler
                0x000000000800e274                BusFault_Handler
                0x000000000800e276                UsageFault_Handler
                0x000000000800e278                DebugMon_Handler
                0x000000000800e27a                USART2_IRQHandler
                0x000000000800e284                TIM2_IRQHandler
                0x000000000800e288                USBWakeUp_IRQHandler
                0x000000000800e2e4                USB_LP_CAN1_RX0_IRQHandler
 *(.text.*)
 .text.memcpy   0x000000000800e2e8       0xa8 build/memcpy.o
                0x000000000800e2e8                memcpy
 .text.memset   0x000000000800e390       0x44 build/memset.o
                0x000000000800e390                memset
 .text._variadic_call
                0x000000000800e3d4       0x7c build/variadic.o
                0x000000000800e3d4                _variadic_call
 .text.Reset_Handler
                0x000000000800e450       0x4c build/startup_stm32f10x_md.o
                0x000000000800e450                Reset_Handler
 .text.Default_Handler
                0x000000000800e49c        0x4 build/startup_stm32f10x_md.o
                0x000000000800e49c                TIM1_CC_IRQHandler
                0x000000000800e49c                SysTick_Handler
                0x000000000800e49c                PVD_IRQHandler
                0x000000000800e49c                PendSV_Handler
                0x000000000800e49c                I2C2_EV_IRQHandler
                0x000000000800e49c                ADC1_2_IRQHandler
                0x000000000800e49c                SPI1_IRQHandler
                0x000000000800e49c                TAMPER_IRQHandler
                0x000000000800e49c                DMA1_Channel4_IRQHandler
                0x000000000800e49c                USART3_IRQHandler
                0x000000000800e49c                RTC_IRQHandler
                0x000000000800e49c                DMA1_Channel7_IRQHandler
                0x000000000800e49c                CAN1_RX1_IRQHandler
                0x000000000800e49c                TIM4_IRQHandler
                0x000000000800e49c                I2C1_EV_IRQHandler
                0x000000000800e49c                DMA1_Channel6_IRQHandler
                0x000000000800e49c                TIM3_IRQHandler
                0x000000000800e49c                RCC_IRQHandler
                0x000000000800e49c                TIM1_TRG_COM_IRQHandler
                0x000000000800e49c                DMA1_Channel1_IRQHandler
                0x000000000800e49c                Default_Handler
                0x000000000800e49c                SPI2_IRQHandler
                0x000000000800e49c                SVC_Handler
                0x000000000800e49c                DMA1_Channel5_IRQHandler
                0x000000000800e49c                USB_HP_CAN1_TX_IRQHandler
                0x000000000800e49c                DMA1_Channel3_IRQHandler
                0x000000000800e49c                TIM1_UP_IRQHandler
                0x000000000800e49c                WWDG_IRQHandler
                0x000000000800e49c                TIM1_BRK_IRQHandler
                0x000000000800e49c                RTCAlarm_IRQHandler
                0x000000000800e49c                I2C2_ER_IRQHandler
                0x000000000800e49c                DMA1_Channel2_IRQHandler
                0x000000000800e49c                CAN1_SCE_IRQHandler
                0x000000000800e49c                FLASH_IRQHandler
                0x000000000800e49c                USART1_IRQHandler
                0x000000000800e49c                I2C1_ER_IRQHandler
 .text.startup  0x000000000800e4a0       0xac build/main.o
                0x000000000800e4a0                main
 .text.unlikely
                0x000000000800e54c       0x60 build/def_config_parser.o
 *(.gnu.linkonce.t.*)
 *(EXCLUDE_FILE(*bootloader*) .rodata)
 .rodata        0x000000000800e5ac      0x160 build/system.o
 .rodata        0x000000000800e70c       0xe8 build/gpio_proc.o
                0x000000000800e70c                io_rcc
                0x000000000800e728                io_exti_lines
                0x000000000800e768                io_pins
                0x000000000800e788                io_speeds
                0x000000000800e78c                io_ports
                0x000000000800e7a8                io_exti_portsources
                0x000000000800e7af                io_exti_pinsources
                0x000000000800e7bf                io_flanks
                0x000000000800e7c2                io_ext_irq
                0x000000000800e7d2                io_afs
                0x000000000800e7e2                io_pinsources
 .rodata        0x000000000800e7f4      0x326 build/niffs_internal.o
 *fill*         0x000000000800eb1a        0x2 
 .rodata        0x000000000800eb1c      0x270 build/cli.o
 .rodata        0x000000000800ed8c       0x36 build/gpio_map.o
 .rodata        0x000000000800edc2      0x1b2 build/usb_desc.o
                0x000000000800edc2                ARC_string_product
                0x000000000800ede1                ARC_string_vendor
                0x000000000800edff                ARC_string_lang_ID
                0x000000000800ee03                ARC_JOYSTICK_report_descriptor
                0x000000000800ee33                ARC_MOUSE_report_descriptor
                0x000000000800ee7d                ARC_KB_report_descriptor
                0x000000000800eebb                ARC_config_descriptor
                0x000000000800ef62                ARC_device_descriptor
 .rodata        0x000000000800ef74      0xb04 build/usb_arc_codes.o
                0x000000000800ef74                keycode_map
                0x000000000800f8b0                mousecode_map
                0x000000000800f8f8                joystickcode_map
 *(EXCLUDE_FILE(*bootloader*) .rodata.*)
 .rodata.str1.1
                0x000000000800fa78      0x416 build/arch.o
                                        0x444 (size before relaxing)
 .rodata.str1.1
                0x000000000800fe8e      0x487 build/system.o
 .rodata.str1.1
                0x0000000008010315       0x77 build/miniutils.o
                                         0x85 (size before relaxing)
 .rodata.str1.1
                0x000000000801038c      0x183 build/taskq.o
                                        0x188 (size before relaxing)
 .rodata.str1.1
                0x000000000801050f       0x26 build/ringbuf.o
 .rodata.str1.1
                0x0000000008010535      0xe58 build/niffs_internal.o
                                        0xe62 (size before relaxing)
 .rodata.str1.1
                0x000000000801138d       0x58 build/main.o
 .rodata.str1.1
                0x00000000080113e5     0x1074 build/cli.o
                                       0x10cb (size before relaxing)
 .rodata.str1.1
                0x0000000008012459      0x150 build/app.o
                                        0x15a (size before relaxing)
 .rodata.str1.1
                0x00000000080125a9      0x62a build/def_config_parser.o
                                        0x656 (size before relaxing)
 .rodata.str1.1
                0x0000000008012bd3      0x188 build/niffs_impl.o
                                        0x18f (size before relaxing)
 .rodata.str1.1
                0x0000000008012d5b       0x18 build/usb_hw_config.o
 .rodata.str1.1
                0x0000000008012d73      0x687 build/usb_arc_codes.o
                                        0x735 (size before relaxing)
 *(.gnu.linkonce.r.*)
 *(.ARM.extab* .gnu.linkonce.armextab.*)
                0x00000000080133fc                . = ALIGN (0x4)
 *fill*         0x00000000080133fa        0x2 
 *(.init)
                0x00000000080133fc                . = ALIGN (0x4)
                0x00000000080133fc                __preinit_array_start = .
 *(.preinit_array)
                0x00000000080133fc                __preinit_array_end = .
                0x00000000080133fc                . = ALIGN (0x4)
                0x00000000080133fc                __init_array_start = .
 *(SORT(.init_array.*))
 *(.init_array)
                0x00000000080133fc                __init_array_end = .
                0x00000000080133fc                . = ALIGN (0x4)
 *(.fini)
                0x00000000080133fc                . = ALIGN (0x4)
                0x00000000080133fc                __fini_array_start = .
 *(.fini_array)
 *(SORT(.fini_array.*))
                0x00000000080133fc                __fini_array_end = .

.glue_7         0x00000000080133fc        0x0
 .glue_7        0x0000000000000000        0x0 linker stubs

.glue_7t        0x00000000080133fc        0x0
 .glue_7t       0x0000000000000000        0x0 linker stubs

.vfp11_veneer   0x00000000080133fc        0x0
 .vfp11_veneer  0x0000000000000000        0x0 linker stubs

.v4_bx          0x00000000080133fc        0x0
 .v4_bx         0x0000000000000000        0x0 linker stubs

.iplt           0x00000000080133fc        0x0
 .iplt          0x0000000000000000        0x0 build/linker_symaccess.o

.rel.dyn        0x00000000080133fc        0x0
 .rel.iplt      0x0000000000000000        0x0 build/linker_symaccess.o

.ARM            0x00000000080133fc        0x0
                0x00000000080133fc                __exidx_start = .
 *(.ARM.exidx* .gnu.linkonce.armexidx.*)
                0x00000000080133fc                __exidx_end = .

.text.align_etext
                0x00000000080133fc        0x4
                0x0000000008013400                . = ALIGN (0x8)
 *fill*         0x00000000080133fc        0x4 
                0x0000000008013400                _etext = .
                0x0000000008013400                _bootloader_text_laddr = .
                0x0000000020000000                _bootloader_text_vaddr = RAM_START
                0x0000000008013400                _bootloader_text_lma_start = _bootloader_text_laddr

.bootloader_text
                0x0000000020000000        0x0 load address 0x0000000008013400
                0x0000000020000000                _bootloader_text_vma_start = .
 *(.bootloader_text)
 *(.bootloader_text.*)
                0x0000000020000000                _bootloader_text_vma_end = .
                0x0000000020000000                . = ALIGN (0x8)
                0x0000000008013400                _bootloader_data_laddr = (_bootloader_text_laddr + SIZEOF (.bootloader_text))
                0x0000000020000000                _bootloader_data_vaddr = (_bootloader_text_vaddr + SIZEOF (.bootloader_text))
                0x0000000008013400                _bootloader_data_lma_start = _bootloader_data_laddr

.bootloader_data
                0x0000000020000000        0x0 load address 0x0000000008013400
                0x0000000020000000                _bootloader_data_vma_start = .
 *bootloader*(.rodata)
 *bootloader*(.rodata.*)
 *(.bootloader_data)
 *(.bootloader_data.*)
                0x0000000020000000                _bootloader_data_vma_end = .
                0x0000000020000000                . = ALIGN (0x4)
                0x0000000008013400                . = (_bootloader_data_laddr + SIZEOF (.bootloader_data))
                0x0000000008013400                _sidata = .

.data           0x0000000020000000      0x1a8 load address 0x0000000008013400
                0x0000000020000000                . = ALIGN (0x4)
                0x0000000020000000                _sdata = .
 *(.got.plt)
 *(.got)
 *(.shdata)
 *(.data)
 .data          0x0000000020000000       0x14 build/system.o
                0x0000000020000000                __trace
                0x0000000020000004                __dbg_level_str
 .data          0x0000000020000014       0x3c build/cli.o
                0x0000000020000014                DBG_BIT_NAME
 .data          0x0000000020000050       0x20 build/def_config_parser.o
                0x0000000020000050                pin_sym
                0x0000000020000054                ignore_chars
                0x0000000020000058                sym_chars
                0x000000002000005c                num_chars
                0x0000000020000060                numdef_chars
                0x0000000020000064                assign_chars
                0x0000000020000068                tern_chars
                0x000000002000006c                acc_sym
 .data          0x0000000020000070       0x1a build/usb_desc.o
                0x0000000020000070                ARC_string_serial
 .data          0x000000002000008a        0x4 build/usb_hw_config.o
                0x000000002000008a                kb_tx_complete
                0x000000002000008b                mouse_tx_complete
                0x000000002000008c                joy1_tx_complete
                0x000000002000008d                joy2_tx_complete
 *fill*         0x000000002000008e        0x2 
 .data          0x0000000020000090       0x38 build/usb_istr.o
                0x0000000020000090                pEpInt_OUT
                0x00000000200000ac                pEpInt_IN
 .data          0x00000000200000c8       0xb0 build/usb_prop.o
                0x00000000200000c8                linecoding
                0x00000000200000d0                Device_Property
                0x0000000020000100                Device_Descriptor
                0x0000000020000108                Config_Descriptor
                0x0000000020000110                String_Descriptor
                0x0000000020000130                ARC_KB_Report_Descriptor
                0x0000000020000138                ARC_MOUSE_Report_Descriptor
                0x0000000020000140                ARC_JOYSTICK_Report_Descriptor
                0x0000000020000148                ARC_Hid_Descriptor
                0x0000000020000150                User_Standard_Requests
                0x0000000020000174                Device_Table
 .data          0x0000000020000178        0x1 build/usb_pwr.o
                0x0000000020000178                fSuspendEnabled
 .data          0x0000000020000179       0x14 build/stm32f10x_rcc.o
 *fill*         0x000000002000018d        0x3 
 .data          0x0000000020000190       0x14 build/system_stm32f10x.o
                0x0000000020000190                SystemCoreClock
                0x0000000020000194                AHBPrescTable
 *(.data.*)
 *(.gnu.linkonce.d.*)
                0x00000000200001a4                . = ALIGN (0x4)
 *(.ram_functions)
                0x00000000200001a8                . = ALIGN (0x8)
 *fill*         0x00000000200001a4        0x4 
                0x00000000200001a8                _edata = .

.igot.plt       0x00000000200001a8        0x0 load address 0x00000000080135a8
 .igot.plt      0x0000000000000000        0x0 build/linker_symaccess.o
                0x00000000200001a8                . = ALIGN (0x4)

.bss            0x00000000200001a8     0x1670 load address 0x00000000080135a8
                0x00000000200001a8                _sbss = .
                0x00000000200001a8                __bss_start__ = _sbss
 *(.bss)
 .bss           0x00000000200001a8        0x4 build/arch.o
 .bss           0x00000000200001ac       0x20 build/system.o
                0x00000000200001c0                _trace_log_ix
 .bss           0x00000000200001cc       0x20 build/io.o
 .bss           0x00000000200001ec        0x4 build/miniutils.o
 .bss           0x00000000200001f0      0x31c build/taskq.o
 .bss           0x000000002000050c       0x5c build/gpio_proc.o
 .bss           0x0000000020000568      0x144 build/cli.o
 .bss           0x00000000200006ac      0x3f4 build/app.o
                0x0000000020000a9d                print_io
 .bss           0x0000000020000aa0       0x80 build/def_config_parser.o
 .bss           0x0000000020000b20       0xfc build/niffs_impl.o
 .bss           0x0000000020000c1c        0x1 build/usb_core.o
                0x0000000020000c1c                Data_Mul_MaxPacketSize
 *fill*         0x0000000020000c1d        0x3 
 .bss           0x0000000020000c20        0x4 build/usb_endp.o
 .bss           0x0000000020000c24       0x14 build/usb_hw_config.o
                0x0000000020000c24                kb_report_ready_cb
                0x0000000020000c28                mouse_report_ready_cb
                0x0000000020000c2c                joy_report_ready_cb
                0x0000000020000c30                rx_cb
                0x0000000020000c34                USB_Tx_State
                0x0000000020000c35                kb_led_state
 .bss           0x0000000020000c38        0xc build/usb_istr.o
                0x0000000020000c38                bIntPackSOF
                0x0000000020000c3c                esof_counter
                0x0000000020000c40                wCNTR
 .bss           0x0000000020000c44        0x2 build/usb_prop.o
                0x0000000020000c45                Request
 *fill*         0x0000000020000c46        0x2 
 .bss           0x0000000020000c48        0x8 build/usb_pwr.o
                0x0000000020000c48                remotewakeupon
                0x0000000020000c4c                bDeviceState
 *(.bss.*)
 *(.gnu.linkonce.b.*)
 *(COMMON)
 COMMON         0x0000000020000c50       0x24 build/arch.o
                0x0000000020000c50                stacked_r1
                0x0000000020000c54                stacked_r3
                0x0000000020000c58                stacked_lr
                0x0000000020000c5c                stacked_pc
                0x0000000020000c60                stacked_r0
                0x0000000020000c64                stacked_r12
                0x0000000020000c68                stacked_psr
                0x0000000020000c6c                stacked_r2
                0x0000000020000c70                stack_pointer
 COMMON         0x0000000020000c74       0xc0 build/system.o
                0x0000000020000c74                _trace_log
 COMMON         0x0000000020000d34      0x418 build/uart_driver_f1f4.o
                0x0000000020000d34                __uart_vec
 COMMON         0x000000002000114c        0x8 build/cli.o
                0x000000002000114c                cli_state
 COMMON         0x0000000020001154        0x2 build/usb_core.o
                0x0000000020001154                StatusInfo
 COMMON         0x0000000020001156       0x40 build/usb_endp.o
                0x0000000020001156                USB_Rx_Buffer
 *fill*         0x0000000020001196        0x2 
 COMMON         0x0000000020001198      0x61c build/usb_hw_config.o
                0x0000000020001198                HSEStartUpStatus
                0x000000002000119c                tx_rb
                0x00000000200011a8                rx_buf
                0x00000000200013a8                tx_buf
                0x00000000200017a8                rx_rb
 COMMON         0x00000000200017b4       0x32 build/usb_init.o
                0x00000000200017b4                SaveState
                0x00000000200017b8                pProperty
                0x00000000200017bc                EPindex
                0x00000000200017c0                Device_Info
                0x00000000200017dc                pUser_Standard_Requests
                0x00000000200017e0                pInformation
                0x00000000200017e4                wInterrupt_Mask
 COMMON         0x00000000200017e6        0x4 build/usb_int.o
                0x00000000200017e6                SaveRState
                0x00000000200017e8                SaveTState
 COMMON         0x00000000200017ea        0x2 build/usb_istr.o
                0x00000000200017ea                wIstr
 COMMON         0x00000000200017ec        0x4 build/usb_prop.o
                0x00000000200017ec                ProtocolValue
 COMMON         0x00000000200017f0       0x24 build/usb_pwr.o
                0x00000000200017f0                ResumeS
                0x00000000200017f4                EP
                0x0000000020001818                . = ALIGN (0x8)
 *fill*         0x0000000020001814        0x4 
                0x0000000020001818                _ebss = .
                0x0000000020001818                __bss_end__ = _ebss
                0x0000000020001818                . = ALIGN (0x4)
                0x0000000020001818                __stack_start__ = .
                0x0000000020001818                . = ALIGN (0x4)
                0x0000000020004f80                __stack_end__ = _estack

.shmem          0x0000000020004f80        0xc load address 0x0000000008018380
                0x0000000020004f80                __shared_memory_address__ = .
 *(.shmem)
 .shmem         0x0000000020004f80        0x8 build/system.o
                0x0000000020004f80                __dbg_mask
                0x0000000020004f84                __dbg_level
 .shmem         0x0000000020004f88        0x4 build/cli.o
 *(.shmem.*)
                0x0000000020004f8c                __shared_memory_address_end__ = .
                0x0000000020004f8c                . = ALIGN (0x4)

.stab
 *(.stab)

.stabstr
 *(.stabstr)

.debug
 *(.debug)

.line
 *(.line)

.debug_srcinfo
 *(.debug_srcinfo)

.debug_sfnames
 *(.debug_sfnames)

.debug_aranges  0x0000000000000000      0x768
 *(.debug_aranges)
 .debug_aranges
                0x0000000000000000       0x20 build/arch.o
 .debug_aranges
                0x0000000000000020       0x20 build/proc_family.o
 .debug_aranges
                0x0000000000000040       0x20 build/system.o
 .debug_aranges
                0x0000000000000060       0x20 build/io.o
 .debug_aranges
                0x0000000000000080       0x20 build/miniutils.o
 .debug_aranges
                0x00000000000000a0       0x20 build/taskq.o
 .debug_aranges
                0x00000000000000c0       0x20 build/ringbuf.o
 .debug_aranges
                0x00000000000000e0       0x20 build/gpio_proc.o
 .debug_aranges
                0x0000000000000100       0x20 build/uart_driver_f1f4.o
 .debug_aranges
                0x0000000000000120       0x20 build/shared_mem.o
 .debug_aranges
                0x0000000000000140       0x20 build/niffs_api.o
 .debug_aranges
                0x0000000000000160       0x20 build/niffs_internal.o
 .debug_aranges
                0x0000000000000180       0x28 build/main.o
 .debug_aranges
                0x00000000000001a8       0x20 build/processor.o
 .debug_aranges
                0x00000000000001c8       0x20 build/cli.o
 .debug_aranges
                0x00000000000001e8       0x20 build/timer.o
 .debug_aranges
                0x0000000000000208       0x20 build/app.o
 .debug_aranges
                0x0000000000000228       0x28 build/def_config_parser.o
 .debug_aranges
                0x0000000000000250       0x20 build/gpio_map.o
 .debug_aranges
                0x0000000000000270       0x20 build/niffs_impl.o
 .debug_aranges
                0x0000000000000290       0x20 build/usb_core.o
 .debug_aranges
                0x00000000000002b0       0x18 build/usb_desc.o
 .debug_aranges
                0x00000000000002c8       0x20 build/usb_endp.o
 .debug_aranges
                0x00000000000002e8       0x20 build/usb_hw_config.o
 .debug_aranges
                0x0000000000000308       0x20 build/usb_init.o
 .debug_aranges
                0x0000000000000328       0x20 build/usb_int.o
 .debug_aranges
                0x0000000000000348       0x20 build/usb_istr.o
 .debug_aranges
                0x0000000000000368       0x20 build/usb_mem.o
 .debug_aranges
                0x0000000000000388       0x20 build/usb_prop.o
 .debug_aranges
                0x00000000000003a8       0x20 build/usb_pwr.o
 .debug_aranges
                0x00000000000003c8       0x20 build/usb_regs.o
 .debug_aranges
                0x00000000000003e8       0x20 build/usb_sil.o
 .debug_aranges
                0x0000000000000408       0x20 build/usb_arc_codes.o
 .debug_aranges
                0x0000000000000428       0x20 build/misc.o
 .debug_aranges
                0x0000000000000448       0x20 build/stm32f10x_adc.o
 .debug_aranges
                0x0000000000000468       0x20 build/stm32f10x_bkp.o
 .debug_aranges
                0x0000000000000488       0x20 build/stm32f10x_can.o
 .debug_aranges
                0x00000000000004a8       0x20 build/stm32f10x_cec.o
 .debug_aranges
                0x00000000000004c8       0x20 build/stm32f10x_crc.o
 .debug_aranges
                0x00000000000004e8       0x20 build/stm32f10x_dac.o
 .debug_aranges
                0x0000000000000508       0x20 build/stm32f10x_dbgmcu.o
 .debug_aranges
                0x0000000000000528       0x20 build/stm32f10x_dma.o
 .debug_aranges
                0x0000000000000548       0x20 build/stm32f10x_exti.o
 .debug_aranges
                0x0000000000000568       0x20 build/stm32f10x_flash.o
 .debug_aranges
                0x0000000000000588       0x20 build/stm32f10x_fsmc.o
 .debug_aranges
                0x00000000000005a8       0x20 build/stm32f10x_gpio.o
 .debug_aranges
                0x00000000000005c8       0x20 build/stm32f10x_i2c.o
 .debug_aranges
                0x00000000000005e8       0x20 build/stm32f10x_iwdg.o
 .debug_aranges
                0x0000000000000608       0x20 build/stm32f10x_pwr.o
 .debug_aranges
                0x0000000000000628       0x20 build/stm32f10x_rcc.o
 .debug_aranges
                0x0000000000000648       0x20 build/stm32f10x_rtc.o
 .debug_aranges
                0x0000000000000668       0x20 build/stm32f10x_sdio.o
 .debug_aranges
                0x0000000000000688       0x20 build/stm32f10x_spi.o
 .debug_aranges
                0x00000000000006a8       0x20 build/stm32f10x_tim.o
 .debug_aranges
                0x00000000000006c8       0x20 build/stm32f10x_usart.o
 .debug_aranges
                0x00000000000006e8       0x20 build/stm32f10x_wwdg.o
 .debug_aranges
                0x0000000000000708       0x20 build/system_stm32f10x.o
 .debug_aranges
                0x0000000000000728       0x20 build/core_cm3.o
 .debug_aranges
                0x0000000000000748       0x20 build/stm32f10x_it.o

.debug_pubnames
 *(.debug_pubnames)

.debug_info     0x0000000000000000    0x2f5c6
 *(.debug_info .gnu.linkonce.wi.*)
 .debug_info    0x0000000000000000      0xb81 build/arch.o
 .debug_info    0x0000000000000b81      0x460 build/proc_family.o
 .debug_info    0x0000000000000fe1      0xc21 build/system.o
 .debug_info    0x0000000000001c02      0xce8 build/io.o
 .debug_info    0x00000000000028ea     0x1b17 build/miniutils.o
 .debug_info    0x0000000000004401     0x1535 build/taskq.o
 .debug_info    0x0000000000005936      0x640 build/ringbuf.o
 .debug_info    0x0000000000005f76     0x1601 build/gpio_proc.o
 .debug_info    0x0000000000007577      0xc73 build/uart_driver_f1f4.o
 .debug_info    0x00000000000081ea      0x32e build/shared_mem.o
 .debug_info    0x0000000000008518     0x1415 build/niffs_api.o
 .debug_info    0x000000000000992d     0x6bbd build/niffs_internal.o
 .debug_info    0x00000000000104ea      0x630 build/main.o
 .debug_info    0x0000000000010b1a     0x1227 build/processor.o
 .debug_info    0x0000000000011d41     0x39a7 build/cli.o
 .debug_info    0x00000000000156e8      0x609 build/timer.o
 .debug_info    0x0000000000015cf1     0x29df build/app.o
 .debug_info    0x00000000000186d0     0x1d9d build/def_config_parser.o
 .debug_info    0x000000000001a46d      0x23b build/gpio_map.o
 .debug_info    0x000000000001a6a8     0x2131 build/niffs_impl.o
 .debug_info    0x000000000001c7d9      0xf4f build/usb_core.o
 .debug_info    0x000000000001d728      0x232 build/usb_desc.o
 .debug_info    0x000000000001d95a      0x5ce build/usb_endp.o
 .debug_info    0x000000000001df28     0x104d build/usb_hw_config.o
 .debug_info    0x000000000001ef75      0x4c7 build/usb_init.o
 .debug_info    0x000000000001f43c      0x221 build/usb_int.o
 .debug_info    0x000000000001f65d      0x40b build/usb_istr.o
 .debug_info    0x000000000001fa68      0x1e7 build/usb_mem.o
 .debug_info    0x000000000001fc4f     0x11c1 build/usb_prop.o
 .debug_info    0x0000000000020e10      0x39f build/usb_pwr.o
 .debug_info    0x00000000000211af      0xdef build/usb_regs.o
 .debug_info    0x0000000000021f9e      0x2bc build/usb_sil.o
 .debug_info    0x000000000002225a      0x891 build/usb_arc_codes.o
 .debug_info    0x0000000000022aeb      0x544 build/misc.o
 .debug_info    0x000000000002302f      0xc67 build/stm32f10x_adc.o
 .debug_info    0x0000000000023c96      0x88f build/stm32f10x_bkp.o
 .debug_info    0x0000000000024525      0xd23 build/stm32f10x_can.o
 .debug_info    0x0000000000025248      0x467 build/stm32f10x_cec.o
 .debug_info    0x00000000000256af      0x1da build/stm32f10x_crc.o
 .debug_info    0x0000000000025889      0x508 build/stm32f10x_dac.o
 .debug_info    0x0000000000025d91      0x148 build/stm32f10x_dbgmcu.o
 .debug_info    0x0000000000025ed9      0x483 build/stm32f10x_dma.o
 .debug_info    0x000000000002635c      0x353 build/stm32f10x_exti.o
 .debug_info    0x00000000000266af      0xa6b build/stm32f10x_flash.o
 .debug_info    0x000000000002711a      0x989 build/stm32f10x_fsmc.o
 .debug_info    0x0000000000027aa3      0x80c build/stm32f10x_gpio.o
 .debug_info    0x00000000000282af      0xbef build/stm32f10x_i2c.o
 .debug_info    0x0000000000028e9e      0x1d7 build/stm32f10x_iwdg.o
 .debug_info    0x0000000000029075      0x4ba build/stm32f10x_pwr.o
 .debug_info    0x000000000002952f      0x90f build/stm32f10x_rcc.o
 .debug_info    0x0000000000029e3e      0x489 build/stm32f10x_rtc.o
 .debug_info    0x000000000002a2c7      0x874 build/stm32f10x_sdio.o
 .debug_info    0x000000000002ab3b      0xa21 build/stm32f10x_spi.o
 .debug_info    0x000000000002b55c     0x2275 build/stm32f10x_tim.o
 .debug_info    0x000000000002d7d1      0xb51 build/stm32f10x_usart.o
 .debug_info    0x000000000002e322      0x277 build/stm32f10x_wwdg.o
 .debug_info    0x000000000002e599      0x494 build/system_stm32f10x.o
 .debug_info    0x000000000002ea2d      0x565 build/core_cm3.o
 .debug_info    0x000000000002ef92      0x634 build/stm32f10x_it.o

.debug_abbrev   0x0000000000000000     0x8a68
 *(.debug_abbrev)
 .debug_abbrev  0x0000000000000000      0x2c1 build/arch.o
 .debug_abbrev  0x00000000000002c1      0x143 build/proc_family.o
 .debug_abbrev  0x0000000000000404      0x43d build/system.o
 .debug_abbrev  0x0000000000000841      0x321 build/io.o
 .debug_abbrev  0x0000000000000b62      0x4b5 build/miniutils.o
 .debug_abbrev  0x0000000000001017      0x4df build/taskq.o
 .debug_abbrev  0x00000000000014f6      0x1e4 build/ringbuf.o
 .debug_abbrev  0x00000000000016da      0x427 build/gpio_proc.o
 .debug_abbrev  0x0000000000001b01      0x2f3 build/uart_driver_f1f4.o
 .debug_abbrev  0x0000000000001df4      0x207 build/shared_mem.o
 .debug_abbrev  0x0000000000001ffb      0x381 build/niffs_api.o
 .debug_abbrev  0x000000000000237c      0x509 build/niffs_internal.o
 .debug_abbrev  0x0000000000002885      0x208 build/main.o
 .debug_abbrev  0x0000000000002a8d      0x2c1 build/processor.o
 .debug_abbrev  0x0000000000002d4e      0x526 build/cli.o
 .debug_abbrev  0x0000000000003274      0x1f3 build/timer.o
 .debug_abbrev  0x0000000000003467      0x570 build/app.o
 .debug_abbrev  0x00000000000039d7      0x43a build/def_config_parser.o
 .debug_abbrev  0x0000000000003e11       0xf5 build/gpio_map.o
 .debug_abbrev  0x0000000000003f06      0x4df build/niffs_impl.o
 .debug_abbrev  0x00000000000043e5      0x3fb build/usb_core.o
 .debug_abbrev  0x00000000000047e0       0x9c build/usb_desc.o
 .debug_abbrev  0x000000000000487c      0x22c build/usb_endp.o
 .debug_abbrev  0x0000000000004aa8      0x328 build/usb_hw_config.o
 .debug_abbrev  0x0000000000004dd0      0x153 build/usb_init.o
 .debug_abbrev  0x0000000000004f23      0x108 build/usb_int.o
 .debug_abbrev  0x000000000000502b      0x19b build/usb_istr.o
 .debug_abbrev  0x00000000000051c6       0xd4 build/usb_mem.o
 .debug_abbrev  0x000000000000529a      0x2b9 build/usb_prop.o
 .debug_abbrev  0x0000000000005553      0x1ee build/usb_pwr.o
 .debug_abbrev  0x0000000000005741      0x231 build/usb_regs.o
 .debug_abbrev  0x0000000000005972      0x15a build/usb_sil.o
 .debug_abbrev  0x0000000000005acc      0x140 build/usb_arc_codes.o
 .debug_abbrev  0x0000000000005c0c      0x161 build/misc.o
 .debug_abbrev  0x0000000000005d6d      0x213 build/stm32f10x_adc.o
 .debug_abbrev  0x0000000000005f80      0x1a8 build/stm32f10x_bkp.o
 .debug_abbrev  0x0000000000006128      0x2b4 build/stm32f10x_can.o
 .debug_abbrev  0x00000000000063dc      0x200 build/stm32f10x_cec.o
 .debug_abbrev  0x00000000000065dc      0x134 build/stm32f10x_crc.o
 .debug_abbrev  0x0000000000006710      0x1fd build/stm32f10x_dac.o
 .debug_abbrev  0x000000000000690d       0xe2 build/stm32f10x_dbgmcu.o
 .debug_abbrev  0x00000000000069ef      0x180 build/stm32f10x_dma.o
 .debug_abbrev  0x0000000000006b6f      0x17c build/stm32f10x_exti.o
 .debug_abbrev  0x0000000000006ceb      0x218 build/stm32f10x_flash.o
 .debug_abbrev  0x0000000000006f03      0x1c4 build/stm32f10x_fsmc.o
 .debug_abbrev  0x00000000000070c7      0x20f build/stm32f10x_gpio.o
 .debug_abbrev  0x00000000000072d6      0x1fb build/stm32f10x_i2c.o
 .debug_abbrev  0x00000000000074d1      0x105 build/stm32f10x_iwdg.o
 .debug_abbrev  0x00000000000075d6      0x1eb build/stm32f10x_pwr.o
 .debug_abbrev  0x00000000000077c1      0x218 build/stm32f10x_rcc.o
 .debug_abbrev  0x00000000000079d9      0x1aa build/stm32f10x_rtc.o
 .debug_abbrev  0x0000000000007b83      0x21f build/stm32f10x_sdio.o
 .debug_abbrev  0x0000000000007da2      0x218 build/stm32f10x_spi.o
 .debug_abbrev  0x0000000000007fba      0x301 build/stm32f10x_tim.o
 .debug_abbrev  0x00000000000082bb      0x230 build/stm32f10x_usart.o
 .debug_abbrev  0x00000000000084eb      0x15c build/stm32f10x_wwdg.o
 .debug_abbrev  0x0000000000008647      0x199 build/system_stm32f10x.o
 .debug_abbrev  0x00000000000087e0       0xbf build/core_cm3.o
 .debug_abbrev  0x000000000000889f      0x1c9 build/stm32f10x_it.o

.debug_line     0x0000000000000000     0x9d36
 *(.debug_line)
 .debug_line    0x0000000000000000      0x1e6 build/arch.o
 .debug_line    0x00000000000001e6      0x1a8 build/proc_family.o
 .debug_line    0x000000000000038e        0x0 build/proc_specific.o
 .debug_line    0x000000000000038e      0x221 build/system.o
 .debug_line    0x00000000000005af      0x20b build/io.o
 .debug_line    0x00000000000007ba      0x607 build/miniutils.o
 .debug_line    0x0000000000000dc1      0x4ee build/taskq.o
 .debug_line    0x00000000000012af      0x209 build/ringbuf.o
 .debug_line    0x00000000000014b8      0x34a build/gpio_proc.o
 .debug_line    0x0000000000001802      0x2f3 build/uart_driver_f1f4.o
 .debug_line    0x0000000000001af5      0x10a build/shared_mem.o
 .debug_line    0x0000000000001bff      0x25b build/niffs_api.o
 .debug_line    0x0000000000001e5a     0x111c build/niffs_internal.o
 .debug_line    0x0000000000002f76      0x1a1 build/main.o
 .debug_line    0x0000000000003117      0x285 build/processor.o
 .debug_line    0x000000000000339c      0x6aa build/cli.o
 .debug_line    0x0000000000003a46      0x1c3 build/timer.o
 .debug_line    0x0000000000003c09      0x652 build/app.o
 .debug_line    0x000000000000425b      0x3b8 build/def_config_parser.o
 .debug_line    0x0000000000004613       0xd6 build/gpio_map.o
 .debug_line    0x00000000000046e9      0x3cb build/niffs_impl.o
 .debug_line    0x0000000000004ab4      0x326 build/usb_core.o
 .debug_line    0x0000000000004dda       0xb0 build/usb_desc.o
 .debug_line    0x0000000000004e8a      0x17f build/usb_endp.o
 .debug_line    0x0000000000005009      0x2b9 build/usb_hw_config.o
 .debug_line    0x00000000000052c2       0xd7 build/usb_init.o
 .debug_line    0x0000000000005399      0x125 build/usb_int.o
 .debug_line    0x00000000000054be      0x16d build/usb_istr.o
 .debug_line    0x000000000000562b       0xf7 build/usb_mem.o
 .debug_line    0x0000000000005722      0x21d build/usb_prop.o
 .debug_line    0x000000000000593f      0x1eb build/usb_pwr.o
 .debug_line    0x0000000000005b2a      0x25a build/usb_regs.o
 .debug_line    0x0000000000005d84       0xfd build/usb_sil.o
 .debug_line    0x0000000000005e81       0xea build/usb_arc_codes.o
 .debug_line    0x0000000000005f6b      0x201 build/misc.o
 .debug_line    0x000000000000616c      0x30a build/stm32f10x_adc.o
 .debug_line    0x0000000000006476      0x1cc build/stm32f10x_bkp.o
 .debug_line    0x0000000000006642      0x3dd build/stm32f10x_can.o
 .debug_line    0x0000000000006a1f      0x207 build/stm32f10x_cec.o
 .debug_line    0x0000000000006c26      0x163 build/stm32f10x_crc.o
 .debug_line    0x0000000000006d89      0x200 build/stm32f10x_dac.o
 .debug_line    0x0000000000006f89      0x145 build/stm32f10x_dbgmcu.o
 .debug_line    0x00000000000070ce      0x212 build/stm32f10x_dma.o
 .debug_line    0x00000000000072e0      0x1e5 build/stm32f10x_exti.o
 .debug_line    0x00000000000074c5      0x33d build/stm32f10x_flash.o
 .debug_line    0x0000000000007802      0x30b build/stm32f10x_fsmc.o
 .debug_line    0x0000000000007b0d      0x281 build/stm32f10x_gpio.o
 .debug_line    0x0000000000007d8e      0x2f7 build/stm32f10x_i2c.o
 .debug_line    0x0000000000008085      0x14f build/stm32f10x_iwdg.o
 .debug_line    0x00000000000081d4      0x22f build/stm32f10x_pwr.o
 .debug_line    0x0000000000008403      0x298 build/stm32f10x_rcc.o
 .debug_line    0x000000000000869b      0x1a8 build/stm32f10x_rtc.o
 .debug_line    0x0000000000008843      0x286 build/stm32f10x_sdio.o
 .debug_line    0x0000000000008ac9      0x2bc build/stm32f10x_spi.o
 .debug_line    0x0000000000008d85      0x619 build/stm32f10x_tim.o
 .debug_line    0x000000000000939e      0x2f4 build/stm32f10x_usart.o
 .debug_line    0x0000000000009692      0x1b8 build/stm32f10x_wwdg.o
 .debug_line    0x000000000000984a      0x1d5 build/system_stm32f10x.o
 .debug_line    0x0000000000009a1f      0x131 build/core_cm3.o
 .debug_line    0x0000000000009b50      0x1e6 build/stm32f10x_it.o

.debug_frame    0x0000000000000000     0x5398
 *(.debug_frame)
 .debug_frame   0x0000000000000000       0xe8 build/arch.o
 .debug_frame   0x00000000000000e8       0x2c build/proc_family.o
 .debug_frame   0x0000000000000114      0x1f4 build/system.o
 .debug_frame   0x0000000000000308      0x190 build/io.o
 .debug_frame   0x0000000000000498      0x3c8 build/miniutils.o
 .debug_frame   0x0000000000000860      0x290 build/taskq.o
 .debug_frame   0x0000000000000af0       0xd0 build/ringbuf.o
 .debug_frame   0x0000000000000bc0      0x288 build/gpio_proc.o
 .debug_frame   0x0000000000000e48      0x190 build/uart_driver_f1f4.o
 .debug_frame   0x0000000000000fd8       0x48 build/shared_mem.o
 .debug_frame   0x0000000000001020      0x204 build/niffs_api.o
 .debug_frame   0x0000000000001224      0x598 build/niffs_internal.o
 .debug_frame   0x00000000000017bc       0x48 build/main.o
 .debug_frame   0x0000000000001804       0x4c build/processor.o
 .debug_frame   0x0000000000001850      0x4e8 build/cli.o
 .debug_frame   0x0000000000001d38       0x28 build/timer.o
 .debug_frame   0x0000000000001d60      0x338 build/app.o
 .debug_frame   0x0000000000002098      0x114 build/def_config_parser.o
 .debug_frame   0x00000000000021ac       0x30 build/gpio_map.o
 .debug_frame   0x00000000000021dc      0x1c4 build/niffs_impl.o
 .debug_frame   0x00000000000023a0      0x1ac build/usb_core.o
 .debug_frame   0x000000000000254c       0xb4 build/usb_endp.o
 .debug_frame   0x0000000000002600      0x200 build/usb_hw_config.o
 .debug_frame   0x0000000000002800       0x28 build/usb_init.o
 .debug_frame   0x0000000000002828       0x54 build/usb_int.o
 .debug_frame   0x000000000000287c       0x2c build/usb_istr.o
 .debug_frame   0x00000000000028a8       0x44 build/usb_mem.o
 .debug_frame   0x00000000000028ec      0x178 build/usb_prop.o
 .debug_frame   0x0000000000002a64       0x84 build/usb_pwr.o
 .debug_frame   0x0000000000002ae8      0x3d0 build/usb_regs.o
 .debug_frame   0x0000000000002eb8       0x58 build/usb_sil.o
 .debug_frame   0x0000000000002f10       0x40 build/usb_arc_codes.o
 .debug_frame   0x0000000000002f50       0x68 build/misc.o
 .debug_frame   0x0000000000002fb8      0x280 build/stm32f10x_adc.o
 .debug_frame   0x0000000000003238       0xe0 build/stm32f10x_bkp.o
 .debug_frame   0x0000000000003318      0x1c0 build/stm32f10x_can.o
 .debug_frame   0x00000000000034d8      0x100 build/stm32f10x_cec.o
 .debug_frame   0x00000000000035d8       0x78 build/stm32f10x_crc.o
 .debug_frame   0x0000000000003650       0xf0 build/stm32f10x_dac.o
 .debug_frame   0x0000000000003740       0x40 build/stm32f10x_dbgmcu.o
 .debug_frame   0x0000000000003780       0xcc build/stm32f10x_dma.o
 .debug_frame   0x000000000000384c       0x9c build/stm32f10x_exti.o
 .debug_frame   0x00000000000038e8      0x254 build/stm32f10x_flash.o
 .debug_frame   0x0000000000003b3c      0x168 build/stm32f10x_fsmc.o
 .debug_frame   0x0000000000003ca4      0x170 build/stm32f10x_gpio.o
 .debug_frame   0x0000000000003e14      0x240 build/stm32f10x_i2c.o
 .debug_frame   0x0000000000004054       0x70 build/stm32f10x_iwdg.o
 .debug_frame   0x00000000000040c4       0xa8 build/stm32f10x_pwr.o
 .debug_frame   0x000000000000416c      0x224 build/stm32f10x_rcc.o
 .debug_frame   0x0000000000004390      0x108 build/stm32f10x_rtc.o
 .debug_frame   0x0000000000004498      0x20c build/stm32f10x_sdio.o
 .debug_frame   0x00000000000046a4      0x1a8 build/stm32f10x_spi.o
 .debug_frame   0x000000000000484c      0x658 build/stm32f10x_tim.o
 .debug_frame   0x0000000000004ea4      0x20c build/stm32f10x_usart.o
 .debug_frame   0x00000000000050b0       0x9c build/stm32f10x_wwdg.o
 .debug_frame   0x000000000000514c       0x34 build/system_stm32f10x.o
 .debug_frame   0x0000000000005180      0x170 build/core_cm3.o
 .debug_frame   0x00000000000052f0       0xa8 build/stm32f10x_it.o

.debug_str      0x0000000000000000     0xa869
 *(.debug_str)
 .debug_str     0x0000000000000000      0x431 build/arch.o
                                        0x47a (size before relaxing)
 .debug_str     0x0000000000000431      0x1c4 build/proc_family.o
                                        0x33f (size before relaxing)
 .debug_str     0x00000000000005f5        0x0 build/proc_specific.o
 .debug_str     0x00000000000005f5      0x5d2 build/system.o
                                        0x8ac (size before relaxing)
 .debug_str     0x0000000000000bc7      0x33b build/io.o
                                        0x51e (size before relaxing)
 .debug_str     0x0000000000000f02      0x2d9 build/miniutils.o
                                        0x563 (size before relaxing)
 .debug_str     0x00000000000011db      0x2d4 build/taskq.o
                                        0x85e (size before relaxing)
 .debug_str     0x00000000000014af       0x6f build/ringbuf.o
                                        0x295 (size before relaxing)
 .debug_str     0x000000000000151e      0x9fd build/gpio_proc.o
                                        0xf4c (size before relaxing)
 .debug_str     0x0000000000001f1b      0x2cb build/uart_driver_f1f4.o
                                        0x5f4 (size before relaxing)
 .debug_str     0x00000000000021e6       0x7c build/shared_mem.o
                                        0x29c (size before relaxing)
 .debug_str     0x0000000000002262      0x3fa build/niffs_api.o
                                        0x5fe (size before relaxing)
 .debug_str     0x000000000000265c      0x7bb build/niffs_internal.o
                                        0xc8d (size before relaxing)
 .debug_str     0x0000000000002e17       0x8c build/main.o
                                        0x383 (size before relaxing)
 .debug_str     0x0000000000002ea3      0x245 build/processor.o
                                        0xa50 (size before relaxing)
 .debug_str     0x00000000000030e8     0x10d6 build/cli.o
                                       0x1892 (size before relaxing)
 .debug_str     0x00000000000041be       0x50 build/timer.o
                                        0x63c (size before relaxing)
 .debug_str     0x000000000000420e      0x575 build/app.o
                                       0x1735 (size before relaxing)
 .debug_str     0x0000000000004783      0x25f build/def_config_parser.o
                                        0xfc6 (size before relaxing)
 .debug_str     0x00000000000049e2        0xf build/gpio_map.o
                                        0x24e (size before relaxing)
 .debug_str     0x00000000000049f1      0x1d3 build/niffs_impl.o
                                       0x1482 (size before relaxing)
 .debug_str     0x0000000000004bc4      0x7ef build/usb_core.o
                                        0xaae (size before relaxing)
 .debug_str     0x00000000000053b3       0xdd build/usb_desc.o
                                        0x22a (size before relaxing)
 .debug_str     0x0000000000005490      0x1d1 build/usb_endp.o
                                        0x44c (size before relaxing)
 .debug_str     0x0000000000005661       0xd3 build/usb_hw_config.o
                                        0x849 (size before relaxing)
 .debug_str     0x0000000000005734       0x41 build/usb_init.o
                                        0x50b (size before relaxing)
 .debug_str     0x0000000000005775       0x42 build/usb_int.o
                                        0x1de (size before relaxing)
 .debug_str     0x00000000000057b7       0xcf build/usb_istr.o
                                        0x3a8 (size before relaxing)
 .debug_str     0x0000000000005886       0x42 build/usb_mem.o
                                        0x1b7 (size before relaxing)
 .debug_str     0x00000000000058c8      0x365 build/usb_prop.o
                                        0xbab (size before relaxing)
 .debug_str     0x0000000000005c2d       0x55 build/usb_pwr.o
                                        0x348 (size before relaxing)
 .debug_str     0x0000000000005c82      0x30e build/usb_regs.o
                                        0x53f (size before relaxing)
 .debug_str     0x0000000000005f90       0x35 build/usb_sil.o
                                        0x21f (size before relaxing)
 .debug_str     0x0000000000005fc5       0x43 build/usb_arc_codes.o
                                        0xbfa (size before relaxing)
 .debug_str     0x0000000000006008      0x1a4 build/misc.o
                                        0x3c6 (size before relaxing)
 .debug_str     0x00000000000061ac      0x56e build/stm32f10x_adc.o
                                        0x6fb (size before relaxing)
 .debug_str     0x000000000000671a      0x354 build/stm32f10x_bkp.o
                                        0x5b1 (size before relaxing)
 .debug_str     0x0000000000006a6e      0x542 build/stm32f10x_can.o
                                        0x72e (size before relaxing)
 .debug_str     0x0000000000006fb0      0x1c9 build/stm32f10x_cec.o
                                        0x376 (size before relaxing)
 .debug_str     0x0000000000007179       0xd9 build/stm32f10x_crc.o
                                        0x224 (size before relaxing)
 .debug_str     0x0000000000007252      0x22a build/stm32f10x_dac.o
                                        0x3af (size before relaxing)
 .debug_str     0x000000000000747c       0x9f build/stm32f10x_dbgmcu.o
                                        0x201 (size before relaxing)
 .debug_str     0x000000000000751b      0x233 build/stm32f10x_dma.o
                                        0x3b2 (size before relaxing)
 .debug_str     0x000000000000774e       0xdd build/stm32f10x_exti.o
                                        0x358 (size before relaxing)
 .debug_str     0x000000000000782b      0x3cc build/stm32f10x_flash.o
                                        0x5d1 (size before relaxing)
 .debug_str     0x0000000000007bf7      0x5ea build/stm32f10x_fsmc.o
                                        0x775 (size before relaxing)
 .debug_str     0x00000000000081e1      0x244 build/stm32f10x_gpio.o
                                        0x519 (size before relaxing)
 .debug_str     0x0000000000008425      0x3d8 build/stm32f10x_i2c.o
                                        0x678 (size before relaxing)
 .debug_str     0x00000000000087fd       0xf7 build/stm32f10x_iwdg.o
                                        0x245 (size before relaxing)
 .debug_str     0x00000000000088f4      0x131 build/stm32f10x_pwr.o
                                        0x323 (size before relaxing)
 .debug_str     0x0000000000008a25      0x345 build/stm32f10x_rcc.o
                                        0x603 (size before relaxing)
 .debug_str     0x0000000000008d6a      0x1af build/stm32f10x_rtc.o
                                        0x38b (size before relaxing)
 .debug_str     0x0000000000008f19      0x48a build/stm32f10x_sdio.o
                                        0x62d (size before relaxing)
 .debug_str     0x00000000000093a3      0x380 build/stm32f10x_spi.o
                                        0x626 (size before relaxing)
 .debug_str     0x0000000000009723      0xa0d build/stm32f10x_tim.o
                                        0xdf4 (size before relaxing)
 .debug_str     0x000000000000a130      0x395 build/stm32f10x_usart.o
                                        0x6b9 (size before relaxing)
 .debug_str     0x000000000000a4c5       0xf3 build/stm32f10x_wwdg.o
                                        0x281 (size before relaxing)
 .debug_str     0x000000000000a5b8       0x9e build/system_stm32f10x.o
                                        0x2e0 (size before relaxing)
 .debug_str     0x000000000000a656      0x15b build/core_cm3.o
                                        0x2c3 (size before relaxing)
 .debug_str     0x000000000000a7b1       0xb8 build/stm32f10x_it.o
                                        0x8a1 (size before relaxing)

.debug_loc      0x0000000000000000    0x1c3be
 *(.debug_loc)
 .debug_loc     0x0000000000000000      0x135 build/arch.o
 .debug_loc     0x0000000000000135       0xdd build/proc_family.o
 .debug_loc     0x0000000000000212      0x410 build/system.o
 .debug_loc     0x0000000000000622      0x852 build/io.o
 .debug_loc     0x0000000000000e74     0x2426 build/miniutils.o
 .debug_loc     0x000000000000329a      0xc48 build/taskq.o
 .debug_loc     0x0000000000003ee2      0x62d build/ringbuf.o
 .debug_loc     0x000000000000450f      0x9af build/gpio_proc.o
 .debug_loc     0x0000000000004ebe      0x692 build/uart_driver_f1f4.o
 .debug_loc     0x0000000000005550       0x9c build/shared_mem.o
 .debug_loc     0x00000000000055ec     0x12f1 build/niffs_api.o
 .debug_loc     0x00000000000068dd     0x6fcf build/niffs_internal.o
 .debug_loc     0x000000000000d8ac       0x62 build/main.o
 .debug_loc     0x000000000000d90e       0xfb build/processor.o
 .debug_loc     0x000000000000da09     0x1985 build/cli.o
 .debug_loc     0x000000000000f38e       0x6f build/timer.o
 .debug_loc     0x000000000000f3fd     0x124c build/app.o
 .debug_loc     0x0000000000010649     0x1381 build/def_config_parser.o
 .debug_loc     0x00000000000119ca      0x9ee build/niffs_impl.o
 .debug_loc     0x00000000000123b8      0xa2f build/usb_core.o
 .debug_loc     0x0000000000012de7      0x12c build/usb_endp.o
 .debug_loc     0x0000000000012f13      0x567 build/usb_hw_config.o
 .debug_loc     0x000000000001347a       0x20 build/usb_init.o
 .debug_loc     0x000000000001349a      0x108 build/usb_int.o
 .debug_loc     0x00000000000135a2       0x62 build/usb_istr.o
 .debug_loc     0x0000000000013604      0x2d3 build/usb_mem.o
 .debug_loc     0x00000000000138d7      0x35b build/usb_prop.o
 .debug_loc     0x0000000000013c32      0x195 build/usb_pwr.o
 .debug_loc     0x0000000000013dc7      0xcd8 build/usb_regs.o
 .debug_loc     0x0000000000014a9f      0x120 build/usb_sil.o
 .debug_loc     0x0000000000014bbf       0x63 build/usb_arc_codes.o
 .debug_loc     0x0000000000014c22      0x190 build/misc.o
 .debug_loc     0x0000000000014db2      0x949 build/stm32f10x_adc.o
 .debug_loc     0x00000000000156fb      0x14e build/stm32f10x_bkp.o